// Jest Snapshot v1, https://goo.gl/fbAQLP

exports[`Test Table Details Component in Client Modal 1`] = `
<div
  style={
    Object {
      "marginTop": "25px",
    }
  }
>
  <div
    className="ant-table-wrapper"
  >
    <div
      className="ant-spin-nested-loading"
    >
      <div
        className="ant-spin-container"
      >
        <div
          className="ant-table ant-table-bordered"
        >
          <div
            className="ant-table-container"
          >
            <div
              className="ant-table-content"
              onScroll={[Function]}
              style={Object {}}
            >
              <table
                style={
                  Object {
                    "tableLayout": "auto",
                  }
                }
              >
                <colgroup />
                <thead
                  className="ant-table-thead"
                >
                  <tr>
                    <th
                      className="ant-table-cell"
                      colSpan={null}
                      rowSpan={null}
                      style={Object {}}
                    >
                      Column 1
                    </th>
                    <th
                      className="ant-table-cell"
                      colSpan={null}
                      rowSpan={null}
                      style={Object {}}
                    >
                      Column 1
                    </th>
                  </tr>
                </thead>
                <tbody
                  className="ant-table-tbody"
                >
                  <tr
                    className="ant-table-row ant-table-row-level-0"
                    data-row-key="1"
                    onClick={[Function]}
                    style={Object {}}
                  >
                    <td
                      className="ant-table-cell"
                      colSpan={null}
                      rowSpan={null}
                      style={Object {}}
                    >
                      <div>
                        ABC
                      </div>
                    </td>
                    <td
                      className="ant-table-cell"
                      colSpan={null}
                      rowSpan={null}
                      style={Object {}}
                    >
                      <div>
                        ABC
                      </div>
                    </td>
                  </tr>
                </tbody>
              </table>
            </div>
          </div>
        </div>
      </div>
    </div>
  </div>
</div>
`;
